                     Cell Name |     Power-Grid View |      Number of Instances
-------------------------------------------------------------------------------
                       AND2_X1 |                Tech |                       16
                       AND2_X2 |                Tech |                        1
                       AND2_X4 |                Tech |                        6
                       AND3_X1 |                Tech |                        1
                      AOI21_X1 |                Tech |                       16
                      AOI21_X2 |                Tech |                        1
                      AOI21_X4 |                Tech |                        4
                        BUF_X1 |                Tech |                       85
                       BUF_X16 |                Tech |                        1
                        BUF_X2 |                Tech |                       21
                        BUF_X4 |                Tech |                       11
                        BUF_X8 |                Tech |                        1
                     CLKBUF_X1 |                Tech |                        1
                     CLKBUF_X3 |                Tech |                        5
                        DFF_X1 |                Tech |                       34
                        DFF_X2 |                Tech |                        1
                   FILLCELL_X1 |                Tech |                      101
                  FILLCELL_X16 |                Tech |                       10
                   FILLCELL_X2 |                Tech |                       47
                  FILLCELL_X32 |                Tech |                        2
                   FILLCELL_X4 |                Tech |                       26
                   FILLCELL_X8 |                Tech |                       19
                        INV_X1 |                Tech |                       45
                        INV_X2 |                Tech |                       27
                        INV_X4 |                Tech |                       10
                       MUX2_X1 |                Tech |                        3
                      NAND2_X1 |                Tech |                       70
                      NAND2_X2 |                Tech |                       62
                      NAND2_X4 |                Tech |                       54
                      NAND3_X1 |                Tech |                       23
                      NAND3_X2 |                Tech |                        5
                      NAND3_X4 |                Tech |                        2
                      NAND4_X1 |                Tech |                        2
                      NAND4_X4 |                Tech |                        1
                       NOR2_X1 |                Tech |                        7
                       NOR2_X2 |                Tech |                        7
                       NOR2_X4 |                Tech |                       18
                       NOR4_X1 |                Tech |                        2
                      OAI21_X1 |                Tech |                       41
                      OAI21_X2 |                Tech |                       10
                      OAI21_X4 |                Tech |                        4
                      OAI22_X1 |                Tech |                        1
                    TAPCELL_X1 |                Tech |                       46
                      XNOR2_X1 |                Tech |                        7
                      XNOR2_X2 |                Tech |                        3
